<!DOCTYPE html>
<html lang="en">
<head>
    <meta charset="UTF-8">
    <meta name="viewport" content="width=device-width, initial-scale=1.0">
    <title>Golden</title>
    <link rel="stylesheet" href="css/style.css">
</head>
<body>
    <header>
        <div id="home" class="container">
            <div class="headding clearfix">
                <img src="img/logo.png" alt="Golden" class="logo">
                <nav>
                    <ul>
                        <li><a href="#home">Home</a></li>
                        <li><a href="#services">Services</a></li>
                        <li><a href="#portfolio">Portfolio</a></li>
                        <li><a href="#about_us">About</a></li>
                        <li><a href="#contact">Contact</a></li>
                    </ul>
                </nav>
            </div>
            <div class="titles">
                <div class="titles-first">Welcome to our studio!</div>
                <h1>It's nice to meet you</h1>
                <a href="#" class="button">Tell me more</a>
            </div>
        </div>
    </header>
    <section id="services">
        <div class="container">
            <div class="title">
                <h2>Services</h2>
                <p>Lorem ipsum dolor sit amet consectetur</p>
            </div>
            <div class="services clearfix">
                <div class="services-item"><img src="img/icon1.png" alt="Услуга">
                    <h3>E-Commerce</h3>
                    <p>Proin iaculis purus consequat sem cure 
                    digni ssim. Donec porttitora entum suscipit 
                    aenean rhoncus posuere odio in tincidunt.</p>
                </div>
                <div class="services-item">
                    <img src="img/icon2.png" alt="">
                    <h3>Responsive Web</h3>
                    <p>Proin iaculis purus consequat sem cure 
                    digni ssim. Donec porttitora entum suscipit 
                    aenean rhoncus posuere odio in tincidunt.</p>
                </div>
                <div class="services-item">
                    <img src="img/icon3.png" alt="">
                    <h3>Web Security</h3>
                    <p>Proin iaculis purus consequat sem cure 
                        digni ssim. Donec porttitora entum suscipit 
                        aenean rhoncus posuere odio in tincidunt.</p>
                </div>
            </div>
        </div>
    </section>
    <section id="portfolio">
        <div class="container">
            <div class="title">
                <h2>Our portfolio</h2>
                <p>Proin iaculis purus consequat sem cure.</p>
            </div>
            <div class="works clearfix">
                <img src="img/img1.jpg" alt="Work-2">
                <img src="img/img2.jpg" alt="Work-2">
                <img src="img/img3.jpg" alt="Work-3">
            </div>
        </div>
    </section>
    <section id="about_us">
        <div class="container">
            <div class="title">
                <h2>
                    About Us
                </h2>
                <p>
                    Proin iaculis purus consequat sem cure.
                </p>
            </div>
            <div class="about clearfix">
                <div class="about-item">
                    <div class="about-item_image">
                        <img src="img/about1.jpg" alt="Про нас">
                    </div>
                    <div class="about-item_content">
                        <h3>
                            <span>July 2010</span><br>
                            Our Humble Beginnings
                        </h3>
                        <p>
                            Proin iaculis purus consequat sem cure
                            digni ssim. Donec porttitora entum suscipit
                            aenean rhoncus posuere odio in tincidunt. Proin
                            iaculis purus consequat sem cure digni
                            ssim. Donec porttitora entum suscipit.
                        </p>
                    </div>
                </div>
                <div class="about-item">
                    <div class="about-item_image">
                        <img src="img/about2.jpg" alt="Про нас">
                    </div>
                    <div class="about-item_content">
                        <h3>
                            <span>January 2011</span><br>
                            Facing Startup Battles
                        </h3>
                        <p>
                            Proin iaculis purus consequat sem cure
                            digni ssim. Donec porttitora entum suscipit
                            aenean rhoncus posuere odio in tincidunt. Proin
                            iaculis purus consequat sem cure digni
                            ssim. Donec porttitora entum suscipit.
                        </p>
                    </div>
                </div>
                <div class="about-item">
                    <div class="about-item_image">
                        <img src="img/about1.jpg" alt="Про нас">
                    </div>
                    <div class="about-item_content">   
                        <h3>
                            <span>December 2012</span><br>
                            Enter The Dark Days
                        </h3>    
                        <p>
                            Proin iaculis purus consequat sem cure
                            digni ssim. Donec porttitora entum suscipit
                            aenean rhoncus posuere odio in tincidunt. Proin
                            iaculis purus consequat sem cure digni
                            ssim. Donec porttitora entum suscipit.
                        </p>
                    </div>
                </div>
                <div class="about-item">
                    <div class="about-item_image">
                        <img src="img/about2.jpg" alt="Про нас">
                    </div>
                    <div class="about-item_content">
                        <h3>
                            <span>February 2014</span><br>
                            Our Triumph
                        </h3>
                        <p>
                            Proin iaculis purus consequat sem cure
                            digni ssim. Donec porttitora entum suscipit
                            aenean rhoncus posuere odio in tincidunt. Proin
                            iaculis purus consequat sem cure digni
                            ssim. Donec porttitora entum suscipit.
                        </p>
                    </div>
                </div>
            </div>
        </div>
    </section>
    <footer id="contact">
        <div class="container">
            <div class="footer">Contact me: <a href="mailto:andrey6446@yandex.ru?subject:Лендинг Golden">andrey6446@yandex.ru</a></div>
        </div>
    </footer>
    <script src="js/main.js"></script>
</body>
</html>
